// Jest Snapshot v1, https://goo.gl/fbAQLP

exports[`should render the snapshot correctly 1`] = `
<main
  className="MuiGrid-root makeStyles-root-1 MuiGrid-container"
>
  <div
    className="MuiGrid-root makeStyles-image-2 MuiGrid-item MuiGrid-grid-sm-4 MuiGrid-grid-md-7"
  />
  <div
    className="MuiPaper-root MuiGrid-root MuiGrid-item MuiGrid-grid-xs-12 MuiGrid-grid-sm-8 MuiGrid-grid-md-5 MuiPaper-elevation6"
  >
    <div
      className="makeStyles-paper-3"
    >
      <div
        style={
          Object {
            "margin": "70px",
          }
        }
      >
        <h1
          className="MuiTypography-root MuiTypography-h3 MuiTypography-paragraph"
        >
          Start planning your trip
           
          <span
            aria-label="plane"
            role="img"
          >
            ✈️
          </span>
        </h1>
      </div>
      <div
        className="MuiGrid-root MuiGrid-container MuiGrid-justify-xs-space-around"
      >
        <div
          className="MuiFormControl-root MuiTextField-root"
        >
          <label
            className="MuiFormLabel-root MuiInputLabel-root MuiInputLabel-formControl MuiInputLabel-animated MuiInputLabel-shrink MuiFormLabel-filled"
            data-shrink={true}
          >
            Start Date
          </label>
          <div
            className="MuiInputBase-root MuiInput-root MuiInput-underline MuiInputBase-formControl MuiInput-formControl MuiInputBase-adornedEnd"
            onClick={[Function]}
          >
            <input
              aria-invalid={false}
              autoFocus={false}
              className="MuiInputBase-input MuiInput-input MuiInputBase-inputAdornedEnd"
              disabled={false}
              onAnimationStart={[Function]}
              onBlur={[Function]}
              onChange={[Function]}
              onFocus={[Function]}
              placeholder="10/10/2018"
              required={false}
              type="text"
              value="2020-08-10"
            />
            <div
              className="MuiInputAdornment-root MuiInputAdornment-positionEnd"
            >
              <button
                className="MuiButtonBase-root MuiIconButton-root"
                disabled={false}
                onBlur={[Function]}
                onClick={[Function]}
                onDragLeave={[Function]}
                onFocus={[Function]}
                onKeyDown={[Function]}
                onKeyUp={[Function]}
                onMouseDown={[Function]}
                onMouseLeave={[Function]}
                onMouseUp={[Function]}
                onTouchEnd={[Function]}
                onTouchMove={[Function]}
                onTouchStart={[Function]}
                tabIndex={0}
                type="button"
              >
                <span
                  className="MuiIconButton-label"
                >
                  <svg
                    aria-hidden={true}
                    className="MuiSvgIcon-root"
                    focusable="false"
                    viewBox="0 0 24 24"
                  >
                    <path
                      d="M17 12h-5v5h5v-5zM16 1v2H8V1H6v2H5c-1.11 0-1.99.9-1.99 2L3 19c0 1.1.89 2 2 2h14c1.1 0 2-.9 2-2V5c0-1.1-.9-2-2-2h-1V1h-2zm3 18H5V8h14v11z"
                    />
                    <path
                      d="M0 0h24v24H0z"
                      fill="none"
                    />
                  </svg>
                </span>
              </button>
            </div>
          </div>
          
        </div>
        <div
          className="MuiFormControl-root MuiTextField-root"
        >
          <label
            className="MuiFormLabel-root MuiInputLabel-root MuiInputLabel-formControl MuiInputLabel-animated MuiInputLabel-shrink MuiFormLabel-filled"
            data-shrink={true}
          >
            End Date
          </label>
          <div
            className="MuiInputBase-root MuiInput-root MuiInput-underline MuiInputBase-formControl MuiInput-formControl MuiInputBase-adornedEnd"
            onClick={[Function]}
          >
            <input
              aria-invalid={false}
              autoFocus={false}
              className="MuiInputBase-input MuiInput-input MuiInputBase-inputAdornedEnd"
              disabled={false}
              onAnimationStart={[Function]}
              onBlur={[Function]}
              onChange={[Function]}
              onFocus={[Function]}
              placeholder="10/10/2018"
              required={false}
              type="text"
              value="2020-08-10"
            />
            <div
              className="MuiInputAdornment-root MuiInputAdornment-positionEnd"
            >
              <button
                className="MuiButtonBase-root MuiIconButton-root"
                disabled={false}
                onBlur={[Function]}
                onClick={[Function]}
                onDragLeave={[Function]}
                onFocus={[Function]}
                onKeyDown={[Function]}
                onKeyUp={[Function]}
                onMouseDown={[Function]}
                onMouseLeave={[Function]}
                onMouseUp={[Function]}
                onTouchEnd={[Function]}
                onTouchMove={[Function]}
                onTouchStart={[Function]}
                tabIndex={0}
                type="button"
              >
                <span
                  className="MuiIconButton-label"
                >
                  <svg
                    aria-hidden={true}
                    className="MuiSvgIcon-root"
                    focusable="false"
                    viewBox="0 0 24 24"
                  >
                    <path
                      d="M17 12h-5v5h5v-5zM16 1v2H8V1H6v2H5c-1.11 0-1.99.9-1.99 2L3 19c0 1.1.89 2 2 2h14c1.1 0 2-.9 2-2V5c0-1.1-.9-2-2-2h-1V1h-2zm3 18H5V8h14v11z"
                    />
                    <path
                      d="M0 0h24v24H0z"
                      fill="none"
                    />
                  </svg>
                </span>
              </button>
            </div>
          </div>
          
        </div>
      </div>
      <form
        className="makeStyles-form-4"
        noValidate={true}
      >
        <div
          className="search-location"
        >
          <input
            onChange={[Function]}
            placeholder="Enter a City"
            value=""
          />
        </div>
        <div
          className="MuiGrid-root MuiGrid-container MuiGrid-justify-xs-flex-end"
        >
          <a
            aria-disabled={false}
            className="MuiButtonBase-root MuiButton-root MuiButton-contained makeStyles-submit-5 MuiButton-containedSecondary"
            href="/Categories"
            onBlur={[Function]}
            onClick={[Function]}
            onDragLeave={[Function]}
            onFocus={[Function]}
            onKeyDown={[Function]}
            onKeyUp={[Function]}
            onMouseDown={[Function]}
            onMouseLeave={[Function]}
            onMouseUp={[Function]}
            onTouchEnd={[Function]}
            onTouchMove={[Function]}
            onTouchStart={[Function]}
            role="button"
            tabIndex={0}
          >
            <span
              className="MuiButton-label"
            >
              Next
            </span>
          </a>
        </div>
        <div
          className="MuiBox-root MuiBox-root-6"
        >
          <div>
            <p
              className="MuiTypography-root MuiTypography-body2 MuiTypography-colorTextSecondary MuiTypography-alignCenter"
            >
              Copyright © DreamTrip 
              2020
              .
            </p>
            <p
              className="MuiTypography-root MuiTypography-body2 MuiTypography-colorTextSecondary MuiTypography-alignCenter"
            >
              Photo by Peter Thomas on Unsplash
            </p>
          </div>
        </div>
      </form>
    </div>
  </div>
</main>
`;
